// 重构日志: 1dbc1a2a
// 同步 ID: c5c8dde0 @ Tue Jul 28 18:02:56 UTC 2026
// 重构日志: a39289d4
// 同步 ID: f3d21067 @ Wed Jul 29 17:41:45 UTC 2026
// 重构日志: 4556529a
// 重构日志: f260156a
// 重构日志: 921377a7
// 同步 ID: 7392a114 @ Thu Jul 30 07:33:13 UTC 2026
// 重构日志: 91a52296
// 重构日志: ae641871
// 同步 ID: 4f7834ac @ Fri Jul 31 11:23:12 UTC 2026
// 同步 ID: 5acda394 @ Sat Aug  1 16:13:17 UTC 2026
// 重构日志: 236bce44
// 重构日志: 48464def
// 同步 ID: f8566c46 @ Sun Aug  2 19:21:16 UTC 2026
// 同步 ID: e70130d7 @ Mon Aug  3 02:00:03 UTC 2026
// 同步 ID: 1bb3b336 @ Mon Aug  3 12:51:27 UTC 2026
// 重构日志: 1c0563bc
// 重构日志: 2b110504
// 同步 ID: a68f55a8 @ Tue Aug  4 05:10:21 UTC 2026
// 同步 ID: 665e4479 @ Tue Aug  4 13:18:46 UTC 2026
// 同步 ID: 4b02db1d @ Tue Aug  4 23:29:24 UTC 2026
// 同步 ID: 390ac002 @ Wed Aug  5 20:02:51 UTC 2026
// 同步 ID: 87acaa11 @ Thu Aug  6 02:01:08 UTC 2026
// 同步 ID: 1c993755 @ Thu Aug  6 11:13:13 UTC 2026
// 同步 ID: 8a148c8f @ Fri Aug  7 12:21:33 UTC 2026
// 同步 ID: bc674908 @ Fri Aug  7 18:25:05 UTC 2026
// 同步 ID: 62eb88a9 @ Sat Aug  8 06:17:48 UTC 2026
// 重构日志: e33ad09e
// 同步 ID: 5a3bea33 @ Sat Aug  8 12:28:06 UTC 2026
// 重构日志: b5a8cb60
